/Users/mohanrajmathavan/.jenkins/workspace/BootCamp/SimpleExecutionPipelineStyle/WebTest_Pipline/src/test/java/pages/ShopMasterPageWeb.java
/Users/mohanrajmathavan/.jenkins/workspace/BootCamp/SimpleExecutionPipelineStyle/WebTest_Pipline/src/test/java/framework/APIReusuableLibrary.java
/Users/mohanrajmathavan/.jenkins/workspace/BootCamp/SimpleExecutionPipelineStyle/WebTest_Pipline/src/test/java/framework/WebDriverFactory.java
/Users/mohanrajmathavan/.jenkins/workspace/BootCamp/SimpleExecutionPipelineStyle/WebTest_Pipline/src/test/java/pages/ShopPaymentsPage.java
/Users/mohanrajmathavan/.jenkins/workspace/BootCamp/SimpleExecutionPipelineStyle/WebTest_Pipline/src/test/java/pages/ShopAddressPage.java
/Users/mohanrajmathavan/.jenkins/workspace/BootCamp/SimpleExecutionPipelineStyle/WebTest_Pipline/src/test/java/pages/ShopProductsPage.java
/Users/mohanrajmathavan/.jenkins/workspace/BootCamp/SimpleExecutionPipelineStyle/WebTest_Pipline/src/test/java/stepdefinitions/CukeHooks.java
/Users/mohanrajmathavan/.jenkins/workspace/BootCamp/SimpleExecutionPipelineStyle/WebTest_Pipline/src/test/java/pages/ShopLoginPage.java
/Users/mohanrajmathavan/.jenkins/workspace/BootCamp/SimpleExecutionPipelineStyle/WebTest_Pipline/src/test/java/runner/TestsRunner.java
/Users/mohanrajmathavan/.jenkins/workspace/BootCamp/SimpleExecutionPipelineStyle/WebTest_Pipline/src/test/java/stepdefinitions/MasterStepDefs.java
/Users/mohanrajmathavan/.jenkins/workspace/BootCamp/SimpleExecutionPipelineStyle/WebTest_Pipline/src/test/java/stepdefinitions/WebEShopStepDefs.java
/Users/mohanrajmathavan/.jenkins/workspace/BootCamp/SimpleExecutionPipelineStyle/WebTest_Pipline/src/test/java/stepdefinitions/APIEShopStepDefs.java
